Java HotSpot(TM) 64-Bit Server VM (25.151-b12) for bsd-amd64 JRE (1.8.0_151-b12), built on Sep  5 2017 19:37:08 by "java_re" with gcc 4.2.1 (Based on Apple Inc. build 5658) (LLVM build 2336.11.00)
Memory: 4k page, physical 33554432k(582796k free)

/proc/meminfo:

CommandLine flags: -XX:InitialHeapSize=62914560 -XX:MaxHeapSize=62914560 -XX:+PrintGC -XX:+PrintGCDetails -XX:+PrintGCTimeStamps -XX:SurvivorRatio=8 -XX:+UseCompressedClassPointers -XX:+UseCompressedOops -XX:+UseParallelGC 
0.818: [GC (Allocation Failure) [PSYoungGen: 15663K->1600K(18432K)] 15663K->14920K(59392K), 0.0046072 secs] [Times: user=0.01 sys=0.00, real=0.00 secs] 
1.575: [GC (Allocation Failure) [PSYoungGen: 17440K->1888K(18432K)] 30760K->29552K(59392K), 0.0059885 secs] [Times: user=0.01 sys=0.02, real=0.01 secs] 
1.581: [Full GC (Ergonomics) [PSYoungGen: 1888K->0K(18432K)] [ParOldGen: 27664K->29394K(40960K)] 29552K->29394K(59392K), [Metaspace: 3191K->3191K(1056768K)], 0.0057518 secs] [Times: user=0.03 sys=0.00, real=0.00 secs] 
2.368: [Full GC (Ergonomics) [PSYoungGen: 15994K->4096K(18432K)] [ParOldGen: 29394K->40658K(40960K)] 45389K->44754K(59392K), [Metaspace: 3192K->3192K(1056768K)], 0.0060035 secs] [Times: user=0.01 sys=0.01, real=0.00 secs] 
2.947: [Full GC (Ergonomics) [PSYoungGen: 15662K->15360K(18432K)] [ParOldGen: 40658K->40657K(40960K)] 56320K->56018K(59392K), [Metaspace: 3192K->3192K(1056768K)], 0.0038765 secs] [Times: user=0.01 sys=0.00, real=0.01 secs] 
2.951: [Full GC (Allocation Failure) [PSYoungGen: 15360K->15360K(18432K)] [ParOldGen: 40657K->40611K(40960K)] 56018K->55972K(59392K), [Metaspace: 3192K->3192K(1056768K)], 0.0054001 secs] [Times: user=0.03 sys=0.00, real=0.00 secs] 
Heap
 PSYoungGen      total 18432K, used 15803K [0x00000007bec00000, 0x00000007c0000000, 0x00000007c0000000)
  eden space 16384K, 96% used [0x00000007bec00000,0x00000007bfb6edd0,0x00000007bfc00000)
  from space 2048K, 0% used [0x00000007bfe00000,0x00000007bfe00000,0x00000007c0000000)
  to   space 2048K, 0% used [0x00000007bfc00000,0x00000007bfc00000,0x00000007bfe00000)
 ParOldGen       total 40960K, used 40611K [0x00000007bc400000, 0x00000007bec00000, 0x00000007bec00000)
  object space 40960K, 99% used [0x00000007bc400000,0x00000007beba8ef0,0x00000007bec00000)
 Metaspace       used 3223K, capacity 4486K, committed 4864K, reserved 1056768K
  class space    used 352K, capacity 386K, committed 512K, reserved 1048576K
